Waiting for 5 seconds to start EVCC
DEBUG    2026-08-26 14:47:30,943 - asyncio (54): Using selector: EpollSelector
INFO    2026-08-26 14:47:30,944 - iso15118.evcc.evcc_settings (48): EVCC environment settings:
INFO    2026-08-26 14:47:30,944 - iso15118.evcc.evcc_settings (50): PKI_PATH                      : /venv/lib/python3.10/site-packages/iso15118/shared/pki/
INFO    2026-08-26 14:47:30,944 - iso15118.evcc.evcc_settings (50): MESSAGE_LOG_JSON              : True
INFO    2026-08-26 14:47:30,944 - iso15118.evcc.evcc_settings (50): MESSAGE_LOG_EXI               : False
INFO    2026-08-26 14:47:30,944 - iso15118.evcc.evcc_settings (50): ENABLE_TLS_1_3                : False
INFO    2026-08-26 14:47:30,944 - iso15118.evcc.evcc_settings (52): NETWORK_INTERFACE             : eth0
INFO    2026-08-26 14:47:30,944 - iso15118.evcc.evcc_settings (52): LOG_LEVEL                     : DEBUG
INFO    2026-08-26 14:47:30,944 - iso15118.evcc.evcc_settings (52): EVCC_CONFIG_PATH              : iso15118/shared/examples/evcc/iso15118_2/evcc_config_eim_ac.json
INFO    2026-08-26 14:47:30,947 - iso15118.evcc.evcc_config (120): EVCC Settings
INFO    2026-08-26 14:47:30,947 - iso15118.evcc.evcc_config (123): supported_energy_services     : [<ServiceV20.AC: 1>]
INFO    2026-08-26 14:47:30,947 - iso15118.evcc.evcc_config (123): is_cert_install_needed        : False
INFO    2026-08-26 14:47:30,947 - iso15118.evcc.evcc_config (123): use_tls                       : True
INFO    2026-08-26 14:47:30,947 - iso15118.evcc.evcc_config (123): sdp_retry_cycles              : 1
INFO    2026-08-26 14:47:30,947 - iso15118.evcc.evcc_config (123): max_contract_certs            : 3
INFO    2026-08-26 14:47:30,947 - iso15118.evcc.evcc_config (123): enforce_tls                   : False
INFO    2026-08-26 14:47:30,947 - iso15118.evcc.evcc_config (123): supported_protocols           : [<Protocol.ISO_15118_2: (<Namespace.ISO_V2_MSG_DEF: 'urn:iso:15118:2:2013:MsgDef'>, <enum 'ISOV2PayloadTypes'>)>]
INFO    2026-08-26 14:47:30,947 - iso15118.evcc.evcc_config (123): energy_transfer_mode          : AC_three_phase_core
INFO    2026-08-26 14:47:30,947 - iso15118.evcc.evcc_config (123): max_supporting_points         : 1024
INFO    2026-08-26 14:47:30,947 - iso15118.evcc.evcc_config (123): charge_loop_cycle             : 10
INFO    2026-08-26 14:47:30,947 - iso15118.evcc.evcc_config (123): charge_loop_delay_time        : 0
INFO    2026-08-26 14:47:31,496 - iso15118.shared.exi_codec (177): EXI Codec version: 1.55
INFO    2026-08-26 14:47:31,496 - iso15118.evcc (30): Starting 15118 version: 0.31.2
INFO    2026-08-26 14:47:31,496 - iso15118.evcc.comm_session_handler (313): Communication session handler started
DEBUG    2026-08-26 14:47:31,496 - iso15118.evcc.comm_session_handler (392): Initiating new SDP cycle, 0 more cycles(s) left
INFO    2026-08-26 14:47:31,496 - iso15118.evcc.comm_session_handler (398): Remaining SDP requests: 50
DEBUG    2026-08-26 14:47:31,496 - iso15118.evcc.transport.udp_client (90): UDP client socket ready
INFO    2026-08-26 14:47:31,597 - iso15118.evcc.comm_session_handler (335): Sending SDPRequest: [Security: TLS, Protocol: TCP]
DEBUG    2026-08-26 14:47:31,597 - iso15118.evcc.transport.udp_client (170): Message sent: [Header = [0x1, 0xfe, 0x9000, 2], Payload = 0000)]
INFO    2026-08-26 14:47:31,616 - iso15118.evcc.transport.udp_client (105): Received datagram from UDP server at address ('fe80::b8bf:fff:fea8:15af', 15118, 0, 2)
INFO    2026-08-26 14:47:31,617 - iso15118.evcc.comm_session_handler (485): SDPResponse received: [ IP address: fe80::b8bf:fff:fea8:15af, Port: 57993 , Security: TLS , Transport: TCP ]
INFO    2026-08-26 14:47:31,617 - iso15118.evcc.comm_session_handler (416): Starting TLS client, trying to connect to fe80::b8bf:fff:fea8:15af at port 57993 ...
INFO    2026-08-26 14:47:31,626 - iso15118.evcc.comm_session_handler (423): TCP client connected
INFO    2026-08-26 14:47:31,634 - iso15118.shared.comm_session (344): Starting a new communication session
INFO    2026-08-26 14:47:31,634 - iso15118.shared.states (139): Entered state SupportedAppProtocol
DEBUG    2026-08-26 14:47:31,634 - iso15118.shared.states (143): Waiting for up to 2.0 s
INFO    2026-08-26 14:47:31,635 - iso15118.shared.exi_codec (248): Message to encode (ns=urn:iso:15118:2:2010:AppProtocol): {"supportedAppProtocolReq": {"AppProtocol": [{"ProtocolNamespace": "urn:iso:15118:2:2013:MsgDef", "VersionNumberMajor": 2, "VersionNumberMinor": 0, "SchemaID": 1, "Priority": 1}]}}
INFO    2026-08-26 14:47:31,657 - iso15118.shared.comm_session (431): Sent supportedAppProtocolReq
INFO    2026-08-26 14:47:31,774 - iso15118.shared.exi_codec (302): Decoded message (ns=urn:iso:15118:2:2010:AppProtocol): {"supportedAppProtocolRes":{"ResponseCode":"OK_SuccessfulNegotiation","SchemaID":1}}
INFO    2026-08-26 14:47:31,774 - iso15118.shared.comm_session (235): supportedAppProtocolRes received
INFO    2026-08-26 14:47:31,774 - iso15118.evcc.states.sap_states (159): Chosen protocol: ISO_15118_2
INFO    2026-08-26 14:47:31,775 - iso15118.shared.exi_codec (248): Message to encode (ns=urn:iso:15118:2:2013:MsgDef): {"V2G_Message": {"Header": {"SessionID": "00"}, "Body": {"SessionSetupReq": {"EVCCID": "6E2C08269918"}}}}
INFO    2026-08-26 14:47:31,828 - iso15118.shared.comm_session (431): Sent SessionSetupReq
INFO    2026-08-26 14:47:31,828 - iso15118.shared.states (139): Entered state SessionSetup
DEBUG    2026-08-26 14:47:31,828 - iso15118.shared.states (143): Waiting for up to 20.0 s
INFO    2026-08-26 14:47:31,949 - iso15118.shared.exi_codec (302): Decoded message (ns=urn:iso:15118:2:2013:MsgDef): {"V2G_Message":{"Header":{"SessionID":"8F3F06AD2579BCA9"},"Body":{"SessionSetupRes":{"ResponseCode":"OK_NewSessionEstablished","EVSEID":"UK123E1234","EVSETimeStamp":1787755651}}}}
INFO    2026-08-26 14:47:31,949 - iso15118.shared.comm_session (235): SessionSetupRes received
INFO    2026-08-26 14:47:31,949 - iso15118.shared.exi_codec (248): Message to encode (ns=urn:iso:15118:2:2013:MsgDef): {"V2G_Message": {"Header": {"SessionID": "8F3F06AD2579BCA9"}, "Body": {"ServiceDiscoveryReq": {}}}}
INFO    2026-08-26 14:47:31,975 - iso15118.shared.comm_session (431): Sent ServiceDiscoveryReq
INFO    2026-08-26 14:47:31,975 - iso15118.shared.states (139): Entered state ServiceDiscovery
DEBUG    2026-08-26 14:47:31,975 - iso15118.shared.states (143): Waiting for up to 2.0 s
INFO    2026-08-26 14:47:32,065 - iso15118.shared.exi_codec (302): Decoded message (ns=urn:iso:15118:2:2013:MsgDef): {"V2G_Message":{"Header":{"SessionID":"8F3F06AD2579BCA9"},"Body":{"ServiceDiscoveryRes":{"ResponseCode":"OK","PaymentOptionList":{"PaymentOption":["ExternalPayment","Contract"]},"ChargeService":{"ServiceID":1,"ServiceName":"AC_DC_Charging","ServiceCategory":"EVCharging","FreeService":false,"SupportedEnergyTransferMode":{"EnergyTransferMode":["DC_extended","AC_three_phase_core"]}},"ServiceList":{"Service":[{"ServiceID":2,"ServiceName":"Certificate","ServiceCategory":"ContractCertificate","FreeService":true},{"ServiceID":4,"ServiceName":"UseCaseInformation","ServiceCategory":"OtherCustom","FreeService":true}]}}}}}
INFO    2026-08-26 14:47:32,066 - iso15118.shared.comm_session (235): ServiceDiscoveryRes received
DEBUG    2026-08-26 14:47:32,066 - iso15118.evcc.states.iso15118_2_states (332): Offered value-added services: 
Service ID: 2, Service name: Certificate
Service ID: 4, Service name: UseCaseInformation
INFO    2026-08-26 14:47:32,066 - iso15118.shared.exi_codec (248): Message to encode (ns=urn:iso:15118:2:2013:MsgDef): {"V2G_Message": {"Header": {"SessionID": "8F3F06AD2579BCA9"}, "Body": {"ServiceDetailReq": {"ServiceID": 4}}}}
INFO    2026-08-26 14:47:32,086 - iso15118.shared.comm_session (431): Sent ServiceDetailReq
INFO    2026-08-26 14:47:32,086 - iso15118.shared.states (139): Entered state ServiceDetail
DEBUG    2026-08-26 14:47:32,086 - iso15118.shared.states (143): Waiting for up to 5.0 s
INFO    2026-08-26 14:47:32,203 - iso15118.shared.exi_codec (302): Decoded message (ns=urn:iso:15118:2:2013:MsgDef): {"V2G_Message":{"Header":{"SessionID":"8F3F06AD2579BCA9"},"Body":{"ServiceDetailRes":{"ResponseCode":"OK","ServiceID":4,"ServiceParameterList":{"ParameterSet":[{"ParameterSetID":1,"Parameter":[{"Name":"DepotSlot","intValue":7},{"Name":"BusId","stringValue":"EB123"},{"Name":"DepartAt","stringValue":"06:35"},{"Name":"TargetSoc","byteValue":90}]}]}}}}}
INFO    2026-08-26 14:47:32,203 - iso15118.shared.comm_session (235): ServiceDetailRes received
INFO    2026-08-26 14:47:32,203 - iso15118.shared.exi_codec (248): Message to encode (ns=urn:iso:15118:2:2013:MsgDef): {"V2G_Message": {"Header": {"SessionID": "8F3F06AD2579BCA9"}, "Body": {"PaymentServiceSelectionReq": {"SelectedPaymentOption": "Contract", "SelectedServiceList": {"SelectedService": [{"ServiceID": 1}]}}}}}
INFO    2026-08-26 14:47:32,243 - iso15118.shared.comm_session (431): Sent PaymentServiceSelectionReq
INFO    2026-08-26 14:47:32,243 - iso15118.shared.states (139): Entered state PaymentServiceSelection
DEBUG    2026-08-26 14:47:32,243 - iso15118.shared.states (143): Waiting for up to 2.0 s
INFO    2026-08-26 14:47:32,331 - iso15118.shared.exi_codec (302): Decoded message (ns=urn:iso:15118:2:2013:MsgDef): {"V2G_Message":{"Header":{"SessionID":"8F3F06AD2579BCA9"},"Body":{"PaymentServiceSelectionRes":{"ResponseCode":"OK"}}}}
INFO    2026-08-26 14:47:32,331 - iso15118.shared.comm_session (235): PaymentServiceSelectionRes received
INFO    2026-08-26 14:47:32,332 - iso15118.shared.exi_codec (248): Message to encode (ns=urn:iso:15118:2:2013:MsgDef): {"V2G_Message": {"Header": {"SessionID": "8F3F06AD2579BCA9"}, "Body": {"PaymentDetailsReq": {"eMAID": "UKSWI123456791A", "ContractSignatureCertChain": {"Certificate": "MIICZDCCAgmgAwIBAgICMEQwCgYIKoZIzj0EAwIwVjEiMCAGA1UEAwwZUEtJLUV4dF9DUlRfTU9fU1VCMl9WQUxJRDEPMA0GA1UECgwGU3dpdGNoMQswCQYDVQQGEwJVSzESMBAGCgmSJomT8ixkARkWAk1PMB4XDTI2MDgyNjE0NDcwM1oXDTI4MDgyNTE0NDcwM1owTDEYMBYGA1UEAwwPVUtTV0kxMjM0NTY3OTFBMQ8wDQYDVQQKDAZTd2l0Y2gxCzAJBgNVBAYTAlVLMRIwEAYKCZImiZPyLGQBGRYCTU8wWTATBgcqhkjOPQIBBggqhkjOPQMBBwNCAAQkIxseLmo8qZlTkvbvgFrYaBGr2e/CB1vDkEMHjVJfuvnrOzSC7QEtzeg9C34QdLq2xtXonjDIoaSWQWBRQzAxo4HQMIHNMAwGA1UdEwEB/wQCMAAwDgYDVR0PAQH/BAQDAgPoMB0GA1UdDgQWBBRBKibFNrppZfFBcc4ckAI1lOv0xjBtBggrBgEFBQcBAQRhMF8wJAYIKwYBBQUHMAGGGGh0dHBzOi8vd3d3LmV4YW1wbGUuY29tLzA3BggrBgEFBQcwAoYraHR0cHM6Ly93d3cuZXhhbXBsZS5jb20vSW50ZXJtZWRpYXRlLUNBLmNlcjAfBgNVHSMEGDAWgBRb3SB51kQnSMCrn4J33egsRozeYTAKBggqhkjOPQQDAgNJADBGAiEAgDFpbMUUvZX9LwHxZFvRnee/tsjjk5Apr+0eqmuzF/ACIQD2IycCmEAPfskJyREmUBsnsOFnhI61e2mYbKdHIJceSQ==", "SubCertificates": {"Certificate": ["MIICczCCAhmgAwIBAgICMEMwCgYIKoZIzj0EAwIwVjEiMCAGA1UEAwwZUEtJLUV4dF9DUlRfTU9fU1VCMV9WQUxJRDEPMA0GA1UECgwGU3dpdGNoMQswCQYDVQQGEwJVSzESMBAGCgmSJomT8ixkARkWAk1PMB4XDTI2MDgyNjE0NDcwMloXDTMwMDgyNTE0NDcwMlowVjEiMCAGA1UEAwwZUEtJLUV4dF9DUlRfTU9fU1VCMl9WQUxJRDEPMA0GA1UECgwGU3dpdGNoMQswCQYDVQQGEwJVSzESMBAGCgmSJomT8ixkARkWAk1PMFkwEwYHKoZIzj0CAQYIKoZIzj0DAQcDQgAEhjrCNa1eAxXoXp20PF7Gu7ZUX4pwkK6E2IfgqGmFaQc3iBY0OTLH//v7bPSeu/vc8y4wc13Q0MCOqy7aRELm0qOB1jCB0zASBgNVHRMBAf8ECDAGAQH/AgEAMA4GA1UdDwEB/wQEAwIBxjAdBgNVHQ4EFgQUW90gedZEJ0jAq5+Cd93oLEaM3mEwbQYIKwYBBQUHAQEEYTBfMCQGCCsGAQUFBzABhhhodHRwczovL3d3dy5leGFtcGxlLmNvbS8wNwYIKwYBBQUHMAKGK2h0dHBzOi8vd3d3LmV4YW1wbGUuY29tL0ludGVybWVkaWF0ZS1DQS5jZXIwHwYDVR0jBBgwFoAUFC8IQc4+jKpZtbUFlNUAwM3ZV+AwCgYIKoZIzj0EAwIDSAAwRQIgeklnm4dwFXt2/G6eOU0ujQ8I1FCayuVmaP9cvGN8WtoCIQCX9YLE333HHS2weu6UvyyvknhmUbwYL/ToC961zZLQcQ==", "MIICYzCCAgigAwIBAgICMEIwCgYIKoZIzj0EAwIwRTERMA8GA1UEAwwITU9Sb290Q0ExDzANBgNVBAoMBlN3aXRjaDELMAkGA1UEBhMCVUsxEjAQBgoJkiaJk/IsZAEZFgJNTzAeFw0yNjA4MjYxNDQ3MDJaFw0zMDA4MjUxNDQ3MDJaMFYxIjAgBgNVBAMMGVBLSS1FeHRfQ1JUX01PX1NVQjFfVkFMSUQxDzANBgNVBAoMBlN3aXRjaDELMAkGA1UEBhMCVUsxEjAQBgoJkiaJk/IsZAEZFgJNTzBZMBMGByqGSM49AgEGCCqGSM49AwEHA0IABP7L0YOxh1L7uvvdKt0Bi/XLVkfp8sUCs90/leNeNcpui1I2I7hXv5rjB1uqgP8/juT1II6i/8QiOYFcvjd+lNWjgdYwgdMwEgYDVR0TAQH/BAgwBgEB/wIBATAOBgNVHQ8BAf8EBAMCAQYwHQYDVR0OBBYEFBQvCEHOPoyqWbW1BZTVAMDN2VfgMG0GCCsGAQUFBwEBBGEwXzAkBggrBgEFBQcwAYYYaHR0cHM6Ly93d3cuZXhhbXBsZS5jb20vMDcGCCsGAQUFBzAChitodHRwczovL3d3dy5leGFtcGxlLmNvbS9JbnRlcm1lZGlhdGUtQ0EuY2VyMB8GA1UdIwQYMBaAFK11/30OaUUBn2zrVbinT3DyjTelMAoGCCqGSM49BAMCA0kAMEYCIQCT9lw0T1gl69yttexoEuduaUJzJRKbHXCfY0g9dWUG/gIhAKmdZtMQhcR4EnLhgWzX8ba4oFNe0tv0RPYldZtFBOSK"]}}}}}}
INFO    2026-08-26 14:47:32,371 - iso15118.shared.comm_session (431): Sent PaymentDetailsReq
INFO    2026-08-26 14:47:32,371 - iso15118.shared.states (139): Entered state PaymentDetails
DEBUG    2026-08-26 14:47:32,371 - iso15118.shared.states (143): Waiting for up to 5.0 s
INFO    2026-08-26 14:47:32,458 - iso15118.shared.exi_codec (302): Decoded message (ns=urn:iso:15118:2:2013:MsgDef): {"V2G_Message":{"Header":{"SessionID":"8F3F06AD2579BCA9"},"Body":{"PaymentDetailsRes":{"ResponseCode":"OK","GenChallenge":"5CVofho91AsXsw6p/kb+XQ==","EVSETimeStamp":1787755652}}}}
INFO    2026-08-26 14:47:32,459 - iso15118.shared.comm_session (235): PaymentDetailsRes received
INFO    2026-08-26 14:47:32,459 - iso15118.shared.exi_codec (248): Message to encode (ns=urn:iso:15118:2:2013:MsgDef): {"AuthorizationReq": {"Id": "id1", "GenChallenge": "5CVofho91AsXsw6p/kb+XQ=="}}
INFO    2026-08-26 14:47:32,482 - iso15118.shared.exi_codec (248): Message to encode (ns=http://www.w3.org/2000/09/xmldsig#): {"SignedInfo": {"CanonicalizationMethod": {"Algorithm": "http://www.w3.org/TR/canonical-exi/"}, "SignatureMethod": {"Algorithm": "http://www.w3.org/2001/04/xmldsig-more#ecdsa-sha256"}, "Reference": [{"Transforms": {"Transform": [{"Algorithm": "http://www.w3.org/TR/canonical-exi/"}]}, "DigestMethod": {"Algorithm": "http://www.w3.org/2001/04/xmlenc#sha256"}, "DigestValue": "RI8tH1KVVsGRBFJdv3WHc2KXkWDky/gYMEszCayguQA=", "URI": "#id1"}]}}
INFO    2026-08-26 14:47:32,518 - iso15118.shared.exi_codec (248): Message to encode (ns=urn:iso:15118:2:2013:MsgDef): {"V2G_Message": {"Header": {"SessionID": "8F3F06AD2579BCA9", "Signature": {"SignedInfo": {"CanonicalizationMethod": {"Algorithm": "http://www.w3.org/TR/canonical-exi/"}, "SignatureMethod": {"Algorithm": "http://www.w3.org/2001/04/xmldsig-more#ecdsa-sha256"}, "Reference": [{"Transforms": {"Transform": [{"Algorithm": "http://www.w3.org/TR/canonical-exi/"}]}, "DigestMethod": {"Algorithm": "http://www.w3.org/2001/04/xmlenc#sha256"}, "DigestValue": "RI8tH1KVVsGRBFJdv3WHc2KXkWDky/gYMEszCayguQA=", "URI": "#id1"}]}, "SignatureValue": {"value": "+WLoYfOJw3XXYmKPI7TcEGjLUQIf3ZEdJ1p6jYj3GzwDwewQg5Nl1RiBpYkpS8VOzkIf9tiD3HEjG/6gNdCIqw=="}}}, "Body": {"AuthorizationReq": {"Id": "id1", "GenChallenge": "5CVofho91AsXsw6p/kb+XQ=="}}}}
INFO    2026-08-26 14:47:32,546 - iso15118.shared.comm_session (431): Sent AuthorizationReq
INFO    2026-08-26 14:47:32,546 - iso15118.shared.states (139): Entered state Authorization
DEBUG    2026-08-26 14:47:32,546 - iso15118.shared.states (143): Waiting for up to 2.0 s
INFO    2026-08-26 14:47:32,669 - iso15118.shared.exi_codec (302): Decoded message (ns=urn:iso:15118:2:2013:MsgDef): {"V2G_Message":{"Header":{"SessionID":"8F3F06AD2579BCA9"},"Body":{"AuthorizationRes":{"ResponseCode":"OK","EVSEProcessing":"Finished"}}}}
INFO    2026-08-26 14:47:32,669 - iso15118.shared.comm_session (235): AuthorizationRes received
INFO    2026-08-26 14:47:32,670 - iso15118.shared.exi_codec (248): Message to encode (ns=urn:iso:15118:2:2013:MsgDef): {"V2G_Message": {"Header": {"SessionID": "8F3F06AD2579BCA9"}, "Body": {"ChargeParameterDiscoveryReq": {"RequestedEnergyTransferMode": "AC_three_phase_core", "AC_EVChargeParameter": {"DepartureTime": 0, "EAmount": {"Value": 60, "Multiplier": 0, "Unit": "Wh"}, "EVMaxVoltage": {"Value": 400, "Multiplier": 0, "Unit": "V"}, "EVMaxCurrent": {"Value": 32000, "Multiplier": -3, "Unit": "A"}, "EVMinCurrent": {"Value": 10, "Multiplier": 0, "Unit": "A"}}}}}}
INFO    2026-08-26 14:47:32,700 - iso15118.shared.comm_session (431): Sent ChargeParameterDiscoveryReq
INFO    2026-08-26 14:47:32,700 - iso15118.shared.states (139): Entered state ChargeParameterDiscovery
DEBUG    2026-08-26 14:47:32,700 - iso15118.shared.states (143): Waiting for up to 2.0 s
INFO    2026-08-26 14:47:32,818 - iso15118.shared.exi_codec (302): Decoded message (ns=urn:iso:15118:2:2013:MsgDef): {"V2G_Message":{"Header":{"SessionID":"8F3F06AD2579BCA9","Signature":{"SignedInfo":{"CanonicalizationMethod":{"Algorithm":"http://www.w3.org/TR/canonical-exi/"},"SignatureMethod":{"Algorithm":"http://www.w3.org/2001/04/xmldsig-more#ecdsa-sha256"},"Reference":[{"URI":"#id1","Transforms":{"Transform":[{"Algorithm":"http://www.w3.org/TR/canonical-exi/"}]},"DigestMethod":{"Algorithm":"http://www.w3.org/2001/04/xmlenc#sha256"},"DigestValue":"ralwRkiB/uBn2TU6Q/IQq1ey1MVxvmK8cm/Rg2YmXT0="}]},"SignatureValue":{"value":"YBdQ0fB4Jm09hk83SNM9ipN4pOwQWIgX6Cm7gA2ZJ6R5Kvif8oJbJlQNIps6XH0rTa6/3hORXOehNhQo3iB0QQ=="}}},"Body":{"ChargeParameterDiscoveryRes":{"ResponseCode":"OK","EVSEProcessing":"Finished","SAScheduleList":{"SAScheduleTuple":[{"SAScheduleTupleID":1,"PMaxSchedule":{"PMaxScheduleEntry":[{"RelativeTimeInterval":{"start":0,"duration":86400},"PMax":{"Multiplier":0,"Unit":"W","Value":11000}}]},"SalesTariff":{"Id":"id1","SalesTariffID":10,"NumEPriceLevels":1,"SalesTariffEntry":[{"RelativeTimeInterval":{"start":0,"duration":86400},"EPriceLevel":1}]}}]},"AC_EVSEChargeParameter":{"AC_EVSEStatus":{"NotificationMaxDelay":0,"EVSENotification":"None","RCD":false},"EVSENominalVoltage":{"Multiplier":0,"Unit":"V","Value":400},"EVSEMaxCurrent":{"Multiplier":0,"Unit":"A","Value":32}}}}}}
INFO    2026-08-26 14:47:32,818 - iso15118.shared.comm_session (235): ChargeParameterDiscoveryRes received
INFO    2026-08-26 14:47:32,819 - iso15118.shared.exi_codec (248): Message to encode (ns=urn:iso:15118:2:2013:MsgDef): {"V2G_Message": {"Header": {"SessionID": "8F3F06AD2579BCA9"}, "Body": {"PowerDeliveryReq": {"ChargeProgress": "Start", "SAScheduleTupleID": 1, "ChargingProfile": {"ProfileEntry": [{"ChargingProfileEntryStart": 0, "ChargingProfileEntryMaxPower": {"Value": 11000, "Multiplier": 0, "Unit": "W"}}, {"ChargingProfileEntryStart": 86400, "ChargingProfileEntryMaxPower": {"Value": 0, "Multiplier": 0, "Unit": "W"}}]}}}}}
INFO    2026-08-26 14:47:32,836 - iso15118.shared.comm_session (431): Sent PowerDeliveryReq
INFO    2026-08-26 14:47:32,836 - iso15118.shared.states (139): Entered state PowerDelivery
DEBUG    2026-08-26 14:47:32,836 - iso15118.shared.states (143): Waiting for up to 5.0 s
INFO    2026-08-26 14:47:32,916 - iso15118.shared.exi_codec (302): Decoded message (ns=urn:iso:15118:2:2013:MsgDef): {"V2G_Message":{"Header":{"SessionID":"8F3F06AD2579BCA9"},"Body":{"PowerDeliveryRes":{"ResponseCode":"OK","AC_EVSEStatus":{"NotificationMaxDelay":0,"EVSENotification":"None","RCD":false}}}}}
INFO    2026-08-26 14:47:32,916 - iso15118.shared.comm_session (235): PowerDeliveryRes received
INFO    2026-08-26 14:47:32,916 - iso15118.shared.exi_codec (248): Message to encode (ns=urn:iso:15118:2:2013:MsgDef): {"V2G_Message": {"Header": {"SessionID": "8F3F06AD2579BCA9"}, "Body": {"ChargingStatusReq": {}}}}
INFO    2026-08-26 14:47:32,938 - iso15118.shared.comm_session (431): Sent ChargingStatusReq
INFO    2026-08-26 14:47:32,938 - iso15118.shared.states (139): Entered state ChargingStatus
DEBUG    2026-08-26 14:47:32,938 - iso15118.shared.states (143): Waiting for up to 2.0 s
INFO    2026-08-26 14:47:32,991 - iso15118.shared.exi_codec (302): Decoded message (ns=urn:iso:15118:2:2013:MsgDef): {"V2G_Message":{"Header":{"SessionID":"8F3F06AD2579BCA9"},"Body":{"ChargingStatusRes":{"ResponseCode":"OK","EVSEID":"UK123E1234","SAScheduleTupleID":1,"EVSEMaxCurrent":{"Multiplier":0,"Unit":"A","Value":300},"ReceiptRequired":false,"AC_EVSEStatus":{"NotificationMaxDelay":0,"EVSENotification":"None","RCD":false}}}}}
INFO    2026-08-26 14:47:32,991 - iso15118.shared.comm_session (235): ChargingStatusRes received
INFO    2026-08-26 14:47:32,991 - iso15118.evcc.states.iso15118_2_states (1184): Next ChargeLoop Req in 0 seconds
INFO    2026-08-26 14:47:32,992 - iso15118.shared.exi_codec (248): Message to encode (ns=urn:iso:15118:2:2013:MsgDef): {"V2G_Message": {"Header": {"SessionID": "8F3F06AD2579BCA9"}, "Body": {"ChargingStatusReq": {}}}}
INFO    2026-08-26 14:47:33,008 - iso15118.shared.comm_session (431): Sent ChargingStatusReq
INFO    2026-08-26 14:47:33,008 - iso15118.shared.states (139): Entered state ChargingStatus
DEBUG    2026-08-26 14:47:33,008 - iso15118.shared.states (143): Waiting for up to 2.0 s
INFO    2026-08-26 14:47:33,088 - iso15118.shared.exi_codec (302): Decoded message (ns=urn:iso:15118:2:2013:MsgDef): {"V2G_Message":{"Header":{"SessionID":"8F3F06AD2579BCA9"},"Body":{"ChargingStatusRes":{"ResponseCode":"OK","EVSEID":"UK123E1234","SAScheduleTupleID":1,"EVSEMaxCurrent":{"Multiplier":0,"Unit":"A","Value":300},"ReceiptRequired":false,"AC_EVSEStatus":{"NotificationMaxDelay":0,"EVSENotification":"None","RCD":false}}}}}
INFO    2026-08-26 14:47:33,088 - iso15118.shared.comm_session (235): ChargingStatusRes received
INFO    2026-08-26 14:47:33,088 - iso15118.evcc.states.iso15118_2_states (1184): Next ChargeLoop Req in 0 seconds
INFO    2026-08-26 14:47:33,088 - iso15118.shared.exi_codec (248): Message to encode (ns=urn:iso:15118:2:2013:MsgDef): {"V2G_Message": {"Header": {"SessionID": "8F3F06AD2579BCA9"}, "Body": {"ChargingStatusReq": {}}}}
INFO    2026-08-26 14:47:33,108 - iso15118.shared.comm_session (431): Sent ChargingStatusReq
INFO    2026-08-26 14:47:33,108 - iso15118.shared.states (139): Entered state ChargingStatus
DEBUG    2026-08-26 14:47:33,109 - iso15118.shared.states (143): Waiting for up to 2.0 s
INFO    2026-08-26 14:47:33,162 - iso15118.shared.exi_codec (302): Decoded message (ns=urn:iso:15118:2:2013:MsgDef): {"V2G_Message":{"Header":{"SessionID":"8F3F06AD2579BCA9"},"Body":{"ChargingStatusRes":{"ResponseCode":"OK","EVSEID":"UK123E1234","SAScheduleTupleID":1,"EVSEMaxCurrent":{"Multiplier":0,"Unit":"A","Value":300},"ReceiptRequired":false,"AC_EVSEStatus":{"NotificationMaxDelay":0,"EVSENotification":"None","RCD":false}}}}}
INFO    2026-08-26 14:47:33,163 - iso15118.shared.comm_session (235): ChargingStatusRes received
INFO    2026-08-26 14:47:33,163 - iso15118.evcc.states.iso15118_2_states (1184): Next ChargeLoop Req in 0 seconds
INFO    2026-08-26 14:47:33,163 - iso15118.shared.exi_codec (248): Message to encode (ns=urn:iso:15118:2:2013:MsgDef): {"V2G_Message": {"Header": {"SessionID": "8F3F06AD2579BCA9"}, "Body": {"ChargingStatusReq": {}}}}
INFO    2026-08-26 14:47:33,186 - iso15118.shared.comm_session (431): Sent ChargingStatusReq
INFO    2026-08-26 14:47:33,186 - iso15118.shared.states (139): Entered state ChargingStatus
DEBUG    2026-08-26 14:47:33,186 - iso15118.shared.states (143): Waiting for up to 2.0 s
INFO    2026-08-26 14:47:33,242 - iso15118.shared.exi_codec (302): Decoded message (ns=urn:iso:15118:2:2013:MsgDef): {"V2G_Message":{"Header":{"SessionID":"8F3F06AD2579BCA9"},"Body":{"ChargingStatusRes":{"ResponseCode":"OK","EVSEID":"UK123E1234","SAScheduleTupleID":1,"EVSEMaxCurrent":{"Multiplier":0,"Unit":"A","Value":300},"ReceiptRequired":false,"AC_EVSEStatus":{"NotificationMaxDelay":0,"EVSENotification":"None","RCD":false}}}}}
INFO    2026-08-26 14:47:33,242 - iso15118.shared.comm_session (235): ChargingStatusRes received
INFO    2026-08-26 14:47:33,242 - iso15118.evcc.states.iso15118_2_states (1184): Next ChargeLoop Req in 0 seconds
INFO    2026-08-26 14:47:33,242 - iso15118.shared.exi_codec (248): Message to encode (ns=urn:iso:15118:2:2013:MsgDef): {"V2G_Message": {"Header": {"SessionID": "8F3F06AD2579BCA9"}, "Body": {"ChargingStatusReq": {}}}}
INFO    2026-08-26 14:47:33,267 - iso15118.shared.comm_session (431): Sent ChargingStatusReq
INFO    2026-08-26 14:47:33,267 - iso15118.shared.states (139): Entered state ChargingStatus
DEBUG    2026-08-26 14:47:33,267 - iso15118.shared.states (143): Waiting for up to 2.0 s
INFO    2026-08-26 14:47:33,321 - iso15118.shared.exi_codec (302): Decoded message (ns=urn:iso:15118:2:2013:MsgDef): {"V2G_Message":{"Header":{"SessionID":"8F3F06AD2579BCA9"},"Body":{"ChargingStatusRes":{"ResponseCode":"OK","EVSEID":"UK123E1234","SAScheduleTupleID":1,"EVSEMaxCurrent":{"Multiplier":0,"Unit":"A","Value":300},"ReceiptRequired":false,"AC_EVSEStatus":{"NotificationMaxDelay":0,"EVSENotification":"None","RCD":false}}}}}
INFO    2026-08-26 14:47:33,322 - iso15118.shared.comm_session (235): ChargingStatusRes received
INFO    2026-08-26 14:47:33,322 - iso15118.evcc.states.iso15118_2_states (1184): Next ChargeLoop Req in 0 seconds
INFO    2026-08-26 14:47:33,322 - iso15118.shared.exi_codec (248): Message to encode (ns=urn:iso:15118:2:2013:MsgDef): {"V2G_Message": {"Header": {"SessionID": "8F3F06AD2579BCA9"}, "Body": {"ChargingStatusReq": {}}}}
INFO    2026-08-26 14:47:33,344 - iso15118.shared.comm_session (431): Sent ChargingStatusReq
INFO    2026-08-26 14:47:33,345 - iso15118.shared.states (139): Entered state ChargingStatus
DEBUG    2026-08-26 14:47:33,345 - iso15118.shared.states (143): Waiting for up to 2.0 s
INFO    2026-08-26 14:47:33,404 - iso15118.shared.exi_codec (302): Decoded message (ns=urn:iso:15118:2:2013:MsgDef): {"V2G_Message":{"Header":{"SessionID":"8F3F06AD2579BCA9"},"Body":{"ChargingStatusRes":{"ResponseCode":"OK","EVSEID":"UK123E1234","SAScheduleTupleID":1,"EVSEMaxCurrent":{"Multiplier":0,"Unit":"A","Value":300},"ReceiptRequired":false,"AC_EVSEStatus":{"NotificationMaxDelay":0,"EVSENotification":"None","RCD":false}}}}}
INFO    2026-08-26 14:47:33,404 - iso15118.shared.comm_session (235): ChargingStatusRes received
INFO    2026-08-26 14:47:33,404 - iso15118.evcc.states.iso15118_2_states (1184): Next ChargeLoop Req in 0 seconds
INFO    2026-08-26 14:47:33,404 - iso15118.shared.exi_codec (248): Message to encode (ns=urn:iso:15118:2:2013:MsgDef): {"V2G_Message": {"Header": {"SessionID": "8F3F06AD2579BCA9"}, "Body": {"ChargingStatusReq": {}}}}
INFO    2026-08-26 14:47:33,419 - iso15118.shared.comm_session (431): Sent ChargingStatusReq
INFO    2026-08-26 14:47:33,419 - iso15118.shared.states (139): Entered state ChargingStatus
DEBUG    2026-08-26 14:47:33,419 - iso15118.shared.states (143): Waiting for up to 2.0 s
INFO    2026-08-26 14:47:33,477 - iso15118.shared.exi_codec (302): Decoded message (ns=urn:iso:15118:2:2013:MsgDef): {"V2G_Message":{"Header":{"SessionID":"8F3F06AD2579BCA9"},"Body":{"ChargingStatusRes":{"ResponseCode":"OK","EVSEID":"UK123E1234","SAScheduleTupleID":1,"EVSEMaxCurrent":{"Multiplier":0,"Unit":"A","Value":300},"ReceiptRequired":false,"AC_EVSEStatus":{"NotificationMaxDelay":0,"EVSENotification":"None","RCD":false}}}}}
INFO    2026-08-26 14:47:33,477 - iso15118.shared.comm_session (235): ChargingStatusRes received
INFO    2026-08-26 14:47:33,477 - iso15118.evcc.states.iso15118_2_states (1184): Next ChargeLoop Req in 0 seconds
INFO    2026-08-26 14:47:33,477 - iso15118.shared.exi_codec (248): Message to encode (ns=urn:iso:15118:2:2013:MsgDef): {"V2G_Message": {"Header": {"SessionID": "8F3F06AD2579BCA9"}, "Body": {"ChargingStatusReq": {}}}}
INFO    2026-08-26 14:47:33,497 - iso15118.shared.comm_session (431): Sent ChargingStatusReq
INFO    2026-08-26 14:47:33,497 - iso15118.shared.states (139): Entered state ChargingStatus
DEBUG    2026-08-26 14:47:33,497 - iso15118.shared.states (143): Waiting for up to 2.0 s
INFO    2026-08-26 14:47:33,548 - iso15118.shared.exi_codec (302): Decoded message (ns=urn:iso:15118:2:2013:MsgDef): {"V2G_Message":{"Header":{"SessionID":"8F3F06AD2579BCA9"},"Body":{"ChargingStatusRes":{"ResponseCode":"OK","EVSEID":"UK123E1234","SAScheduleTupleID":1,"EVSEMaxCurrent":{"Multiplier":0,"Unit":"A","Value":300},"ReceiptRequired":false,"AC_EVSEStatus":{"NotificationMaxDelay":0,"EVSENotification":"None","RCD":false}}}}}
INFO    2026-08-26 14:47:33,549 - iso15118.shared.comm_session (235): ChargingStatusRes received
INFO    2026-08-26 14:47:33,549 - iso15118.evcc.states.iso15118_2_states (1184): Next ChargeLoop Req in 0 seconds
INFO    2026-08-26 14:47:33,549 - iso15118.shared.exi_codec (248): Message to encode (ns=urn:iso:15118:2:2013:MsgDef): {"V2G_Message": {"Header": {"SessionID": "8F3F06AD2579BCA9"}, "Body": {"ChargingStatusReq": {}}}}
INFO    2026-08-26 14:47:33,567 - iso15118.shared.comm_session (431): Sent ChargingStatusReq
INFO    2026-08-26 14:47:33,567 - iso15118.shared.states (139): Entered state ChargingStatus
DEBUG    2026-08-26 14:47:33,567 - iso15118.shared.states (143): Waiting for up to 2.0 s
INFO    2026-08-26 14:47:33,617 - iso15118.shared.exi_codec (302): Decoded message (ns=urn:iso:15118:2:2013:MsgDef): {"V2G_Message":{"Header":{"SessionID":"8F3F06AD2579BCA9"},"Body":{"ChargingStatusRes":{"ResponseCode":"OK","EVSEID":"UK123E1234","SAScheduleTupleID":1,"EVSEMaxCurrent":{"Multiplier":0,"Unit":"A","Value":300},"ReceiptRequired":false,"AC_EVSEStatus":{"NotificationMaxDelay":0,"EVSENotification":"None","RCD":false}}}}}
INFO    2026-08-26 14:47:33,617 - iso15118.shared.comm_session (235): ChargingStatusRes received
INFO    2026-08-26 14:47:33,617 - iso15118.evcc.states.iso15118_2_states (1184): Next ChargeLoop Req in 0 seconds
INFO    2026-08-26 14:47:33,617 - iso15118.shared.exi_codec (248): Message to encode (ns=urn:iso:15118:2:2013:MsgDef): {"V2G_Message": {"Header": {"SessionID": "8F3F06AD2579BCA9"}, "Body": {"ChargingStatusReq": {}}}}
INFO    2026-08-26 14:47:33,631 - iso15118.shared.comm_session (431): Sent ChargingStatusReq
INFO    2026-08-26 14:47:33,631 - iso15118.shared.states (139): Entered state ChargingStatus
DEBUG    2026-08-26 14:47:33,631 - iso15118.shared.states (143): Waiting for up to 2.0 s
INFO    2026-08-26 14:47:33,687 - iso15118.shared.exi_codec (302): Decoded message (ns=urn:iso:15118:2:2013:MsgDef): {"V2G_Message":{"Header":{"SessionID":"8F3F06AD2579BCA9"},"Body":{"ChargingStatusRes":{"ResponseCode":"OK","EVSEID":"UK123E1234","SAScheduleTupleID":1,"EVSEMaxCurrent":{"Multiplier":0,"Unit":"A","Value":300},"ReceiptRequired":false,"AC_EVSEStatus":{"NotificationMaxDelay":0,"EVSENotification":"None","RCD":false}}}}}
INFO    2026-08-26 14:47:33,688 - iso15118.shared.comm_session (235): ChargingStatusRes received
INFO    2026-08-26 14:47:33,688 - iso15118.shared.exi_codec (248): Message to encode (ns=urn:iso:15118:2:2013:MsgDef): {"V2G_Message": {"Header": {"SessionID": "8F3F06AD2579BCA9"}, "Body": {"PowerDeliveryReq": {"ChargeProgress": "Stop", "SAScheduleTupleID": 1}}}}
DEBUG    2026-08-26 14:47:33,711 - iso15118.evcc.states.iso15118_2_states (1210): ChargeProgress is set to Stop
INFO    2026-08-26 14:47:33,711 - iso15118.shared.comm_session (431): Sent PowerDeliveryReq
INFO    2026-08-26 14:47:33,711 - iso15118.shared.states (139): Entered state PowerDelivery
DEBUG    2026-08-26 14:47:33,712 - iso15118.shared.states (143): Waiting for up to 5.0 s
INFO    2026-08-26 14:47:33,783 - iso15118.shared.exi_codec (302): Decoded message (ns=urn:iso:15118:2:2013:MsgDef): {"V2G_Message":{"Header":{"SessionID":"8F3F06AD2579BCA9"},"Body":{"PowerDeliveryRes":{"ResponseCode":"OK","AC_EVSEStatus":{"NotificationMaxDelay":0,"EVSENotification":"None","RCD":false}}}}}
INFO    2026-08-26 14:47:33,784 - iso15118.shared.comm_session (235): PowerDeliveryRes received
INFO    2026-08-26 14:47:33,784 - iso15118.shared.exi_codec (248): Message to encode (ns=urn:iso:15118:2:2013:MsgDef): {"V2G_Message": {"Header": {"SessionID": "8F3F06AD2579BCA9"}, "Body": {"SessionStopReq": {"ChargingSession": "Terminate"}}}}
INFO    2026-08-26 14:47:33,806 - iso15118.shared.comm_session (431): Sent SessionStopReq
INFO    2026-08-26 14:47:33,806 - iso15118.shared.states (139): Entered state SessionStop
DEBUG    2026-08-26 14:47:33,806 - iso15118.shared.states (143): Waiting for up to 2.0 s
INFO    2026-08-26 14:47:33,853 - iso15118.shared.exi_codec (302): Decoded message (ns=urn:iso:15118:2:2013:MsgDef): {"V2G_Message":{"Header":{"SessionID":"8F3F06AD2579BCA9"},"Body":{"SessionStopRes":{"ResponseCode":"OK"}}}}
INFO    2026-08-26 14:47:33,853 - iso15118.shared.comm_session (235): SessionStopRes received
INFO    2026-08-26 14:47:33,853 - iso15118.shared.comm_session (395): The data link will terminate in 2 seconds and the TCP connection will close in 5 seconds. 
INFO    2026-08-26 14:47:33,853 - iso15118.shared.comm_session (399): Reason: Communication session terminated
INFO    2026-08-26 14:47:35,856 - iso15118.shared.comm_session (410): terminated the data link
INFO    2026-08-26 14:47:38,857 - iso15118.shared.comm_session (417): TCP connection closed to peer with address ('fe80::b8bf:fff:fea8:15af', 57993, 0, 2)
