DEBUG    2026-08-26 14:47:22,491 - asyncio (54): Using selector: EpollSelector
INFO    2026-08-26 14:47:22,492 - iso15118.secc.secc_settings (112): SECC settings:
INFO    2026-08-26 14:47:22,492 - iso15118.secc.secc_settings (114): NETWORK_INTERFACE             : eth0
INFO    2026-08-26 14:47:22,492 - iso15118.secc.secc_settings (114): LOG_LEVEL                     : DEBUG
INFO    2026-08-26 14:47:22,492 - iso15118.secc.secc_settings (114): SECC_ENFORCE_TLS              : True
INFO    2026-08-26 14:47:22,492 - iso15118.secc.secc_settings (114): FREE_CHARGING_SERVICE         : False
INFO    2026-08-26 14:47:22,492 - iso15118.secc.secc_settings (114): FREE_CERT_INSTALL_SERVICE     : True
INFO    2026-08-26 14:47:22,492 - iso15118.secc.secc_settings (114): USE_CPO_BACKEND               : False
INFO    2026-08-26 14:47:22,492 - iso15118.secc.secc_settings (114): ALLOW_CERT_INSTALL_SERVICE    : True
INFO    2026-08-26 14:47:22,492 - iso15118.secc.secc_settings (114): PROTOCOLS                     : ['DIN_SPEC_70121', 'ISO_15118_2', 'ISO_15118_20_AC', 'ISO_15118_20_DC']
INFO    2026-08-26 14:47:22,492 - iso15118.secc.secc_settings (114): AUTH_MODES                    : ['EIM', 'PNC']
INFO    2026-08-26 14:47:22,492 - iso15118.secc.secc_settings (114): STANDBY_ALLOWED               : False
INFO    2026-08-26 14:47:22,492 - iso15118.secc.secc_settings (114): PKI_PATH                      : /venv/lib/python3.10/site-packages/iso15118/shared/pki/
INFO    2026-08-26 14:47:22,492 - iso15118.secc.secc_settings (114): MESSAGE_LOG_JSON              : True
INFO    2026-08-26 14:47:22,492 - iso15118.secc.secc_settings (114): MESSAGE_LOG_EXI               : False
INFO    2026-08-26 14:47:22,492 - iso15118.secc.secc_settings (114): ENABLE_TLS_1_3                : False
DEBUG    2026-08-26 14:47:22,492 - iso15118.secc.controller.simulator (266): New Status: starting
INFO    2026-08-26 14:47:23,029 - iso15118.shared.exi_codec (177): EXI Codec version: 1.55
INFO    2026-08-26 14:47:23,029 - iso15118.secc (31): Starting 15118 version: 0.31.2
INFO    2026-08-26 14:47:23,029 - iso15118.secc.comm_session_handler (235): Communication session handler started
INFO    2026-08-26 14:47:23,029 - iso15118.secc.transport.udp_server (137): UDP server socket ready
INFO    2026-08-26 14:47:23,029 - iso15118.secc.transport.udp_server (123): UDP server started at address FF02::1%eth0 and port 15118
DEBUG    2026-08-26 14:47:23,039 - iso15118.secc.controller.simulator (266): New Status: ready
DEBUG    2026-08-26 14:47:31,597 - iso15118.secc.transport.udp_server (158): Message received from ('fe80::6c2c:8ff:fe26:9918', 43902, 0, 2): 01fe9000000000020000
INFO    2026-08-26 14:47:31,598 - iso15118.secc.comm_session_handler (437): SDPRequest received: [Security: TLS, Protocol: TCP]
INFO    2026-08-26 14:47:31,605 - iso15118.secc.transport.tcp_server (134): TLS server started at address fe80::b8bf:fff:fea8:15af%eth0 and port 57993
INFO    2026-08-26 14:47:31,615 - iso15118.secc.comm_session_handler (464): Sending SDPResponse: [ IP address: fe80::b8bf:fff:fea8:15af, Port: 57993 , Security: TLS , Transport: TCP ]
INFO    2026-08-26 14:47:31,626 - iso15118.secc.transport.udp_server (201): UDP server has been paused.
INFO    2026-08-26 14:47:31,626 - iso15118.secc.comm_session_handler (284): TCP client connected, client address is ('fe80::6c2c:8ff:fe26:9918', 56052, 0, 2).
INFO    2026-08-26 14:47:31,635 - iso15118.shared.comm_session (344): Starting a new communication session
INFO    2026-08-26 14:47:31,635 - iso15118.shared.states (139): Entered state SupportedAppProtocol
DEBUG    2026-08-26 14:47:31,635 - iso15118.shared.states (143): Waiting for up to 20.0 s
INFO    2026-08-26 14:47:31,713 - iso15118.shared.exi_codec (302): Decoded message (ns=urn:iso:15118:2:2010:AppProtocol): {"supportedAppProtocolReq":{"AppProtocol":[{"ProtocolNamespace":"urn:iso:15118:2:2013:MsgDef","VersionNumberMajor":2,"VersionNumberMinor":0,"SchemaID":1,"Priority":1}]}}
INFO    2026-08-26 14:47:31,714 - iso15118.shared.comm_session (235): supportedAppProtocolReq received
INFO    2026-08-26 14:47:31,714 - iso15118.shared.exi_codec (248): Message to encode (ns=urn:iso:15118:2:2010:AppProtocol): {"supportedAppProtocolRes": {"ResponseCode": "OK_SuccessfulNegotiation", "SchemaID": 1}}
INFO    2026-08-26 14:47:31,730 - iso15118.secc.states.sap_states (147): Chosen protocol: ISO_15118_2
INFO    2026-08-26 14:47:31,730 - iso15118.shared.comm_session (431): Sent supportedAppProtocolRes
INFO    2026-08-26 14:47:31,730 - iso15118.secc.controller.simulator (766): iso15118 state: SupportedAppProtocol
INFO    2026-08-26 14:47:31,731 - iso15118.shared.states (139): Entered state SessionSetup
DEBUG    2026-08-26 14:47:31,731 - iso15118.shared.states (143): Waiting for up to 20.0 s
INFO    2026-08-26 14:47:31,879 - iso15118.shared.exi_codec (302): Decoded message (ns=urn:iso:15118:2:2013:MsgDef): {"V2G_Message":{"Header":{"SessionID":"00"},"Body":{"SessionSetupReq":{"EVCCID":"6E2C08269918"}}}}
INFO    2026-08-26 14:47:31,879 - iso15118.shared.comm_session (235): SessionSetupReq received
INFO    2026-08-26 14:47:31,879 - iso15118.shared.exi_codec (248): Message to encode (ns=urn:iso:15118:2:2013:MsgDef): {"V2G_Message": {"Header": {"SessionID": "8F3F06AD2579BCA9"}, "Body": {"SessionSetupRes": {"ResponseCode": "OK_NewSessionEstablished", "EVSEID": "UK123E1234", "EVSETimeStamp": 1787755651}}}}
INFO    2026-08-26 14:47:31,914 - iso15118.shared.comm_session (431): Sent SessionSetupRes
INFO    2026-08-26 14:47:31,914 - iso15118.secc.controller.simulator (766): iso15118 state: SessionSetup
INFO    2026-08-26 14:47:31,914 - iso15118.shared.states (139): Entered state ServiceDiscovery
DEBUG    2026-08-26 14:47:31,914 - iso15118.shared.states (143): Waiting for up to 60.0 s
INFO    2026-08-26 14:47:32,010 - iso15118.shared.exi_codec (302): Decoded message (ns=urn:iso:15118:2:2013:MsgDef): {"V2G_Message":{"Header":{"SessionID":"8F3F06AD2579BCA9"},"Body":{"ServiceDiscoveryReq":{}}}}
INFO    2026-08-26 14:47:32,010 - iso15118.shared.comm_session (235): ServiceDiscoveryReq received
INFO    2026-08-26 14:47:32,011 - iso15118.shared.exi_codec (248): Message to encode (ns=urn:iso:15118:2:2013:MsgDef): {"V2G_Message": {"Header": {"SessionID": "8F3F06AD2579BCA9"}, "Body": {"ServiceDiscoveryRes": {"ResponseCode": "OK", "PaymentOptionList": {"PaymentOption": ["ExternalPayment", "Contract"]}, "ChargeService": {"ServiceID": 1, "ServiceName": "AC_DC_Charging", "ServiceCategory": "EVCharging", "FreeService": false, "SupportedEnergyTransferMode": {"EnergyTransferMode": ["DC_extended", "AC_three_phase_core"]}}, "ServiceList": {"Service": [{"ServiceID": 2, "ServiceName": "Certificate", "ServiceCategory": "ContractCertificate", "FreeService": true}, {"ServiceID": 4, "ServiceName": "UseCaseInformation", "ServiceCategory": "OtherCustom", "FreeService": true}]}}}}}
INFO    2026-08-26 14:47:32,036 - iso15118.shared.comm_session (431): Sent ServiceDiscoveryRes
INFO    2026-08-26 14:47:32,037 - iso15118.secc.controller.simulator (766): iso15118 state: ServiceDiscovery
INFO    2026-08-26 14:47:32,120 - iso15118.shared.exi_codec (302): Decoded message (ns=urn:iso:15118:2:2013:MsgDef): {"V2G_Message":{"Header":{"SessionID":"8F3F06AD2579BCA9"},"Body":{"ServiceDetailReq":{"ServiceID":4}}}}
INFO    2026-08-26 14:47:32,120 - iso15118.shared.comm_session (235): ServiceDetailReq received
INFO    2026-08-26 14:47:32,121 - iso15118.shared.states (139): Entered state ServiceDetail
DEBUG    2026-08-26 14:47:32,121 - iso15118.shared.states (143): Waiting for up to 60.0 s
INFO    2026-08-26 14:47:32,121 - iso15118.shared.exi_codec (248): Message to encode (ns=urn:iso:15118:2:2013:MsgDef): {"V2G_Message": {"Header": {"SessionID": "8F3F06AD2579BCA9"}, "Body": {"ServiceDetailRes": {"ResponseCode": "OK", "ServiceID": 4, "ServiceParameterList": {"ParameterSet": [{"ParameterSetID": 1, "Parameter": [{"Name": "DepotSlot", "intValue": 7}, {"Name": "BusId", "stringValue": "EB123"}, {"Name": "DepartAt", "stringValue": "06:35"}, {"Name": "TargetSoc", "byteValue": 90}]}]}}}}}
INFO    2026-08-26 14:47:32,161 - iso15118.shared.comm_session (431): Sent ServiceDetailRes
INFO    2026-08-26 14:47:32,161 - iso15118.secc.controller.simulator (766): iso15118 state: ServiceDetail
INFO    2026-08-26 14:47:32,281 - iso15118.shared.exi_codec (302): Decoded message (ns=urn:iso:15118:2:2013:MsgDef): {"V2G_Message":{"Header":{"SessionID":"8F3F06AD2579BCA9"},"Body":{"PaymentServiceSelectionReq":{"SelectedPaymentOption":"Contract","SelectedServiceList":{"SelectedService":[{"ServiceID":1}]}}}}}
INFO    2026-08-26 14:47:32,282 - iso15118.shared.comm_session (235): PaymentServiceSelectionReq received
INFO    2026-08-26 14:47:32,282 - iso15118.shared.states (139): Entered state PaymentServiceSelection
DEBUG    2026-08-26 14:47:32,282 - iso15118.shared.states (143): Waiting for up to 60.0 s
DEBUG    2026-08-26 14:47:32,282 - iso15118.secc.states.iso15118_2_states (642): EVCC chose authorization option Contract
INFO    2026-08-26 14:47:32,282 - iso15118.shared.exi_codec (248): Message to encode (ns=urn:iso:15118:2:2013:MsgDef): {"V2G_Message": {"Header": {"SessionID": "8F3F06AD2579BCA9"}, "Body": {"PaymentServiceSelectionRes": {"ResponseCode": "OK"}}}}
INFO    2026-08-26 14:47:32,306 - iso15118.shared.comm_session (431): Sent PaymentServiceSelectionRes
INFO    2026-08-26 14:47:32,306 - iso15118.secc.controller.simulator (766): iso15118 state: PaymentServiceSelection
INFO    2026-08-26 14:47:32,401 - iso15118.shared.exi_codec (302): Decoded message (ns=urn:iso:15118:2:2013:MsgDef): {"V2G_Message":{"Header":{"SessionID":"8F3F06AD2579BCA9"},"Body":{"PaymentDetailsReq":{"eMAID":"UKSWI123456791A","ContractSignatureCertChain":{"Certificate":"MIICZDCCAgmgAwIBAgICMEQwCgYIKoZIzj0EAwIwVjEiMCAGA1UEAwwZUEtJLUV4dF9DUlRfTU9fU1VCMl9WQUxJRDEPMA0GA1UECgwGU3dpdGNoMQswCQYDVQQGEwJVSzESMBAGCgmSJomT8ixkARkWAk1PMB4XDTI2MDgyNjE0NDcwM1oXDTI4MDgyNTE0NDcwM1owTDEYMBYGA1UEAwwPVUtTV0kxMjM0NTY3OTFBMQ8wDQYDVQQKDAZTd2l0Y2gxCzAJBgNVBAYTAlVLMRIwEAYKCZImiZPyLGQBGRYCTU8wWTATBgcqhkjOPQIBBggqhkjOPQMBBwNCAAQkIxseLmo8qZlTkvbvgFrYaBGr2e/CB1vDkEMHjVJfuvnrOzSC7QEtzeg9C34QdLq2xtXonjDIoaSWQWBRQzAxo4HQMIHNMAwGA1UdEwEB/wQCMAAwDgYDVR0PAQH/BAQDAgPoMB0GA1UdDgQWBBRBKibFNrppZfFBcc4ckAI1lOv0xjBtBggrBgEFBQcBAQRhMF8wJAYIKwYBBQUHMAGGGGh0dHBzOi8vd3d3LmV4YW1wbGUuY29tLzA3BggrBgEFBQcwAoYraHR0cHM6Ly93d3cuZXhhbXBsZS5jb20vSW50ZXJtZWRpYXRlLUNBLmNlcjAfBgNVHSMEGDAWgBRb3SB51kQnSMCrn4J33egsRozeYTAKBggqhkjOPQQDAgNJADBGAiEAgDFpbMUUvZX9LwHxZFvRnee/tsjjk5Apr+0eqmuzF/ACIQD2IycCmEAPfskJyREmUBsnsOFnhI61e2mYbKdHIJceSQ==","SubCertificates":{"Certificate":["MIICczCCAhmgAwIBAgICMEMwCgYIKoZIzj0EAwIwVjEiMCAGA1UEAwwZUEtJLUV4dF9DUlRfTU9fU1VCMV9WQUxJRDEPMA0GA1UECgwGU3dpdGNoMQswCQYDVQQGEwJVSzESMBAGCgmSJomT8ixkARkWAk1PMB4XDTI2MDgyNjE0NDcwMloXDTMwMDgyNTE0NDcwMlowVjEiMCAGA1UEAwwZUEtJLUV4dF9DUlRfTU9fU1VCMl9WQUxJRDEPMA0GA1UECgwGU3dpdGNoMQswCQYDVQQGEwJVSzESMBAGCgmSJomT8ixkARkWAk1PMFkwEwYHKoZIzj0CAQYIKoZIzj0DAQcDQgAEhjrCNa1eAxXoXp20PF7Gu7ZUX4pwkK6E2IfgqGmFaQc3iBY0OTLH//v7bPSeu/vc8y4wc13Q0MCOqy7aRELm0qOB1jCB0zASBgNVHRMBAf8ECDAGAQH/AgEAMA4GA1UdDwEB/wQEAwIBxjAdBgNVHQ4EFgQUW90gedZEJ0jAq5+Cd93oLEaM3mEwbQYIKwYBBQUHAQEEYTBfMCQGCCsGAQUFBzABhhhodHRwczovL3d3dy5leGFtcGxlLmNvbS8wNwYIKwYBBQUHMAKGK2h0dHBzOi8vd3d3LmV4YW1wbGUuY29tL0ludGVybWVkaWF0ZS1DQS5jZXIwHwYDVR0jBBgwFoAUFC8IQc4+jKpZtbUFlNUAwM3ZV+AwCgYIKoZIzj0EAwIDSAAwRQIgeklnm4dwFXt2/G6eOU0ujQ8I1FCayuVmaP9cvGN8WtoCIQCX9YLE333HHS2weu6UvyyvknhmUbwYL/ToC961zZLQcQ==","MIICYzCCAgigAwIBAgICMEIwCgYIKoZIzj0EAwIwRTERMA8GA1UEAwwITU9Sb290Q0ExDzANBgNVBAoMBlN3aXRjaDELMAkGA1UEBhMCVUsxEjAQBgoJkiaJk/IsZAEZFgJNTzAeFw0yNjA4MjYxNDQ3MDJaFw0zMDA4MjUxNDQ3MDJaMFYxIjAgBgNVBAMMGVBLSS1FeHRfQ1JUX01PX1NVQjFfVkFMSUQxDzANBgNVBAoMBlN3aXRjaDELMAkGA1UEBhMCVUsxEjAQBgoJkiaJk/IsZAEZFgJNTzBZMBMGByqGSM49AgEGCCqGSM49AwEHA0IABP7L0YOxh1L7uvvdKt0Bi/XLVkfp8sUCs90/leNeNcpui1I2I7hXv5rjB1uqgP8/juT1II6i/8QiOYFcvjd+lNWjgdYwgdMwEgYDVR0TAQH/BAgwBgEB/wIBATAOBgNVHQ8BAf8EBAMCAQYwHQYDVR0OBBYEFBQvCEHOPoyqWbW1BZTVAMDN2VfgMG0GCCsGAQUFBwEBBGEwXzAkBggrBgEFBQcwAYYYaHR0cHM6Ly93d3cuZXhhbXBsZS5jb20vMDcGCCsGAQUFBzAChitodHRwczovL3d3dy5leGFtcGxlLmNvbS9JbnRlcm1lZGlhdGUtQ0EuY2VyMB8GA1UdIwQYMBaAFK11/30OaUUBn2zrVbinT3DyjTelMAoGCCqGSM49BAMCA0kAMEYCIQCT9lw0T1gl69yttexoEuduaUJzJRKbHXCfY0g9dWUG/gIhAKmdZtMQhcR4EnLhgWzX8ba4oFNe0tv0RPYldZtFBOSK"]}}}}}}
INFO    2026-08-26 14:47:32,402 - iso15118.shared.comm_session (235): PaymentDetailsReq received
INFO    2026-08-26 14:47:32,402 - iso15118.shared.states (139): Entered state PaymentDetails
DEBUG    2026-08-26 14:47:32,402 - iso15118.shared.states (143): Waiting for up to 60.0 s
DEBUG    2026-08-26 14:47:32,402 - iso15118.shared.security (469): Subject: <Name(CN=UKSWI123456791A,O=Switch,C=UK,DC=MO)>
DEBUG    2026-08-26 14:47:32,402 - iso15118.shared.security (470): Issuer: <Name(CN=PKI-Ext_CRT_MO_SUB2_VALID,O=Switch,C=UK,DC=MO)>
DEBUG    2026-08-26 14:47:32,402 - iso15118.shared.security (471): Serial number: 12356
DEBUG    2026-08-26 14:47:32,403 - iso15118.shared.security (472): Validity: 2026-08-26 14:47:03 - 2028-08-25 14:47:03
/venv/lib/python3.10/site-packages/iso15118/shared/security.py:473: CryptographyDeprecationWarning: Properties that return a naïve datetime object have been deprecated. Please switch to not_valid_before_utc.
  f"Validity: {der_cert.not_valid_before} - {der_cert.not_valid_after}"
/venv/lib/python3.10/site-packages/iso15118/shared/security.py:473: CryptographyDeprecationWarning: Properties that return a naïve datetime object have been deprecated. Please switch to not_valid_after_utc.
  f"Validity: {der_cert.not_valid_before} - {der_cert.not_valid_after}"
DEBUG    2026-08-26 14:47:32,403 - iso15118.shared.security (475): Fingerprint: 4d:46:38:4a:14:b8:03:10:45:21:85:ad:ea:7c:75:60:86:f9:f6:27:6d:64:ca:9f:a9:14:f0:9e:14:b0:35:64
DEBUG    2026-08-26 14:47:32,403 - iso15118.shared.security (478): ===
DEBUG    2026-08-26 14:47:32,403 - iso15118.shared.security (469): Subject: <Name(CN=PKI-Ext_CRT_MO_SUB2_VALID,O=Switch,C=UK,DC=MO)>
DEBUG    2026-08-26 14:47:32,403 - iso15118.shared.security (470): Issuer: <Name(CN=PKI-Ext_CRT_MO_SUB1_VALID,O=Switch,C=UK,DC=MO)>
DEBUG    2026-08-26 14:47:32,403 - iso15118.shared.security (471): Serial number: 12355
DEBUG    2026-08-26 14:47:32,403 - iso15118.shared.security (472): Validity: 2026-08-26 14:47:02 - 2030-08-25 14:47:02
DEBUG    2026-08-26 14:47:32,403 - iso15118.shared.security (475): Fingerprint: cf:df:de:7b:a2:91:d2:c1:99:8e:2f:3d:94:73:e2:df:8c:6b:12:37:77:6f:12:b7:37:28:2f:6e:8e:b8:85:78
DEBUG    2026-08-26 14:47:32,403 - iso15118.shared.security (478): ===
DEBUG    2026-08-26 14:47:32,403 - iso15118.shared.security (469): Subject: <Name(CN=PKI-Ext_CRT_MO_SUB1_VALID,O=Switch,C=UK,DC=MO)>
DEBUG    2026-08-26 14:47:32,404 - iso15118.shared.security (470): Issuer: <Name(CN=MORootCA,O=Switch,C=UK,DC=MO)>
DEBUG    2026-08-26 14:47:32,404 - iso15118.shared.security (471): Serial number: 12354
DEBUG    2026-08-26 14:47:32,404 - iso15118.shared.security (472): Validity: 2026-08-26 14:47:02 - 2030-08-25 14:47:02
DEBUG    2026-08-26 14:47:32,404 - iso15118.shared.security (475): Fingerprint: 1f:b6:ab:a9:4b:fd:55:be:10:48:86:30:25:19:95:b3:fb:d8:43:fe:c2:2b:7b:fc:96:4c:d9:5b:fd:45:45:9b
DEBUG    2026-08-26 14:47:32,404 - iso15118.shared.security (478): ===
/venv/lib/python3.10/site-packages/iso15118/shared/security.py:729: CryptographyDeprecationWarning: Properties that return a naïve datetime object have been deprecated. Please switch to not_valid_before_utc.
INFO    2026-08-26 14:47:32,404 - iso15118.secc.states.iso15118_2_states (978): Using MO root at /venv/lib/python3.10/site-packages/iso15118/shared/pki/iso15118_2/certs/moRootCACert.der
  if cert.not_valid_before > now:
/venv/lib/python3.10/site-packages/iso15118/shared/security.py:731: CryptographyDeprecationWarning: Properties that return a naïve datetime object have been deprecated. Please switch to not_valid_after_utc.
  if cert.not_valid_after < now:
INFO    2026-08-26 14:47:32,405 - iso15118.shared.exi_codec (248): Message to encode (ns=urn:iso:15118:2:2013:MsgDef): {"V2G_Message": {"Header": {"SessionID": "8F3F06AD2579BCA9"}, "Body": {"PaymentDetailsRes": {"ResponseCode": "OK", "GenChallenge": "5CVofho91AsXsw6p/kb+XQ==", "EVSETimeStamp": 1787755652}}}}
INFO    2026-08-26 14:47:32,425 - iso15118.shared.comm_session (431): Sent PaymentDetailsRes
INFO    2026-08-26 14:47:32,425 - iso15118.secc.controller.simulator (766): iso15118 state: PaymentDetails
INFO    2026-08-26 14:47:32,425 - iso15118.shared.states (139): Entered state Authorization
DEBUG    2026-08-26 14:47:32,425 - iso15118.shared.states (143): Waiting for up to 60.0 s
INFO    2026-08-26 14:47:32,571 - iso15118.shared.exi_codec (302): Decoded message (ns=urn:iso:15118:2:2013:MsgDef): {"V2G_Message":{"Header":{"SessionID":"8F3F06AD2579BCA9","Signature":{"SignedInfo":{"CanonicalizationMethod":{"Algorithm":"http://www.w3.org/TR/canonical-exi/"},"SignatureMethod":{"Algorithm":"http://www.w3.org/2001/04/xmldsig-more#ecdsa-sha256"},"Reference":[{"URI":"#id1","Transforms":{"Transform":[{"Algorithm":"http://www.w3.org/TR/canonical-exi/"}]},"DigestMethod":{"Algorithm":"http://www.w3.org/2001/04/xmlenc#sha256"},"DigestValue":"RI8tH1KVVsGRBFJdv3WHc2KXkWDky/gYMEszCayguQA="}]},"SignatureValue":{"value":"+WLoYfOJw3XXYmKPI7TcEGjLUQIf3ZEdJ1p6jYj3GzwDwewQg5Nl1RiBpYkpS8VOzkIf9tiD3HEjG/6gNdCIqw=="}}},"Body":{"AuthorizationReq":{"Id":"id1","GenChallenge":"5CVofho91AsXsw6p/kb+XQ=="}}}}
INFO    2026-08-26 14:47:32,574 - iso15118.shared.comm_session (235): AuthorizationReq received
INFO    2026-08-26 14:47:32,574 - iso15118.shared.exi_codec (248): Message to encode (ns=urn:iso:15118:2:2013:MsgDef): {"AuthorizationReq": {"Id": "id1", "GenChallenge": "5CVofho91AsXsw6p/kb+XQ=="}}
DEBUG    2026-08-26 14:47:32,611 - iso15118.shared.security (906): Verifying digest for element with ID 'id1'
DEBUG    2026-08-26 14:47:32,612 - iso15118.shared.security (919): 
Received digest of reference with ID id1: 448F2D1F529556C19104525DBF75877362979160E4CBF818304B3309ACA0B900
Calculated digest for reference: 448F2D1F529556C19104525DBF75877362979160E4CBF818304B3309ACA0B900
=> Match: True
DEBUG    2026-08-26 14:47:32,612 - iso15118.shared.security (932): Verifying signature value for SignedInfo element
INFO    2026-08-26 14:47:32,612 - iso15118.shared.exi_codec (248): Message to encode (ns=http://www.w3.org/2000/09/xmldsig#): {"SignedInfo": {"CanonicalizationMethod": {"Algorithm": "http://www.w3.org/TR/canonical-exi/"}, "SignatureMethod": {"Algorithm": "http://www.w3.org/2001/04/xmldsig-more#ecdsa-sha256"}, "Reference": [{"Transforms": {"Transform": [{"Algorithm": "http://www.w3.org/TR/canonical-exi/"}]}, "DigestMethod": {"Algorithm": "http://www.w3.org/2001/04/xmlenc#sha256"}, "DigestValue": "RI8tH1KVVsGRBFJdv3WHc2KXkWDky/gYMEszCayguQA=", "URI": "#id1"}]}}
WARNING    2026-08-26 14:47:32,632 - iso15118.shared.security (999): Sub-CA and root CA certificates were not used to verify signatures along the certificate chain
DEBUG    2026-08-26 14:47:32,632 - iso15118.shared.security (1004): Signature verified successfully
INFO    2026-08-26 14:47:32,632 - iso15118.shared.exi_codec (248): Message to encode (ns=urn:iso:15118:2:2013:MsgDef): {"V2G_Message": {"Header": {"SessionID": "8F3F06AD2579BCA9"}, "Body": {"AuthorizationRes": {"ResponseCode": "OK", "EVSEProcessing": "Finished"}}}}
INFO    2026-08-26 14:47:32,648 - iso15118.shared.comm_session (431): Sent AuthorizationRes
INFO    2026-08-26 14:47:32,648 - iso15118.secc.controller.simulator (766): iso15118 state: Authorization
INFO    2026-08-26 14:47:32,648 - iso15118.shared.states (139): Entered state ChargeParameterDiscovery
DEBUG    2026-08-26 14:47:32,648 - iso15118.shared.states (143): Waiting for up to 60.0 s
INFO    2026-08-26 14:47:32,723 - iso15118.shared.exi_codec (302): Decoded message (ns=urn:iso:15118:2:2013:MsgDef): {"V2G_Message":{"Header":{"SessionID":"8F3F06AD2579BCA9"},"Body":{"ChargeParameterDiscoveryReq":{"RequestedEnergyTransferMode":"AC_three_phase_core","AC_EVChargeParameter":{"DepartureTime":0,"EAmount":{"Multiplier":0,"Unit":"Wh","Value":60},"EVMaxVoltage":{"Multiplier":0,"Unit":"V","Value":400},"EVMaxCurrent":{"Multiplier":-3,"Unit":"A","Value":32000},"EVMinCurrent":{"Multiplier":0,"Unit":"A","Value":10}}}}}}
INFO    2026-08-26 14:47:32,723 - iso15118.shared.comm_session (235): ChargeParameterDiscoveryReq received
INFO    2026-08-26 14:47:32,724 - iso15118.secc.controller.simulator (1109): Send rated limits to CS.
INFO    2026-08-26 14:47:32,724 - iso15118.shared.exi_codec (248): Message to encode (ns=urn:iso:15118:2:2013:MsgDef): {"SalesTariff": {"Id": "id1", "SalesTariffID": 10, "NumEPriceLevels": 1, "SalesTariffEntry": [{"EPriceLevel": 1, "RelativeTimeInterval": {"start": 0, "duration": 86400}}]}}
INFO    2026-08-26 14:47:32,744 - iso15118.shared.exi_codec (248): Message to encode (ns=http://www.w3.org/2000/09/xmldsig#): {"SignedInfo": {"CanonicalizationMethod": {"Algorithm": "http://www.w3.org/TR/canonical-exi/"}, "SignatureMethod": {"Algorithm": "http://www.w3.org/2001/04/xmldsig-more#ecdsa-sha256"}, "Reference": [{"Transforms": {"Transform": [{"Algorithm": "http://www.w3.org/TR/canonical-exi/"}]}, "DigestMethod": {"Algorithm": "http://www.w3.org/2001/04/xmlenc#sha256"}, "DigestValue": "ralwRkiB/uBn2TU6Q/IQq1ey1MVxvmK8cm/Rg2YmXT0=", "URI": "#id1"}]}}
INFO    2026-08-26 14:47:32,766 - iso15118.shared.exi_codec (248): Message to encode (ns=urn:iso:15118:2:2013:MsgDef): {"V2G_Message": {"Header": {"SessionID": "8F3F06AD2579BCA9", "Signature": {"SignedInfo": {"CanonicalizationMethod": {"Algorithm": "http://www.w3.org/TR/canonical-exi/"}, "SignatureMethod": {"Algorithm": "http://www.w3.org/2001/04/xmldsig-more#ecdsa-sha256"}, "Reference": [{"Transforms": {"Transform": [{"Algorithm": "http://www.w3.org/TR/canonical-exi/"}]}, "DigestMethod": {"Algorithm": "http://www.w3.org/2001/04/xmlenc#sha256"}, "DigestValue": "ralwRkiB/uBn2TU6Q/IQq1ey1MVxvmK8cm/Rg2YmXT0=", "URI": "#id1"}]}, "SignatureValue": {"value": "YBdQ0fB4Jm09hk83SNM9ipN4pOwQWIgX6Cm7gA2ZJ6R5Kvif8oJbJlQNIps6XH0rTa6/3hORXOehNhQo3iB0QQ=="}}}, "Body": {"ChargeParameterDiscoveryRes": {"ResponseCode": "OK", "EVSEProcessing": "Finished", "SAScheduleList": {"SAScheduleTuple": [{"SAScheduleTupleID": 1, "PMaxSchedule": {"PMaxScheduleEntry": [{"PMax": {"Value": 11000, "Multiplier": 0, "Unit": "W"}, "RelativeTimeInterval": {"start": 0, "duration": 86400}}]}, "SalesTariff": {"Id": "id1", "SalesTariffID": 10, "NumEPriceLevels": 1, "SalesTariffEntry": [{"EPriceLevel": 1, "RelativeTimeInterval": {"start": 0, "duration": 86400}}]}}]}, "AC_EVSEChargeParameter": {"AC_EVSEStatus": {"NotificationMaxDelay": 0, "EVSENotification": "None", "RCD": false}, "EVSENominalVoltage": {"Value": 400, "Multiplier": 0, "Unit": "V"}, "EVSEMaxCurrent": {"Value": 32, "Multiplier": 0, "Unit": "A"}}}}}}
INFO    2026-08-26 14:47:32,798 - iso15118.shared.comm_session (431): Sent ChargeParameterDiscoveryRes
INFO    2026-08-26 14:47:32,799 - iso15118.secc.controller.simulator (766): iso15118 state: ChargeParameterDiscovery
INFO    2026-08-26 14:47:32,799 - iso15118.shared.states (139): Entered state PowerDelivery
DEBUG    2026-08-26 14:47:32,799 - iso15118.shared.states (143): Waiting for up to 60.0 s
INFO    2026-08-26 14:47:32,867 - iso15118.shared.exi_codec (302): Decoded message (ns=urn:iso:15118:2:2013:MsgDef): {"V2G_Message":{"Header":{"SessionID":"8F3F06AD2579BCA9"},"Body":{"PowerDeliveryReq":{"ChargeProgress":"Start","SAScheduleTupleID":1,"ChargingProfile":{"ProfileEntry":[{"ChargingProfileEntryStart":0,"ChargingProfileEntryMaxPower":{"Multiplier":0,"Unit":"W","Value":11000}},{"ChargingProfileEntryStart":86400,"ChargingProfileEntryMaxPower":{"Multiplier":0,"Unit":"W","Value":0}}]}}}}}
INFO    2026-08-26 14:47:32,868 - iso15118.shared.comm_session (235): PowerDeliveryReq received
DEBUG    2026-08-26 14:47:32,868 - iso15118.secc.states.iso15118_2_states (1905): EV last Profile start 86400s is within time range [0; 86400[ and power range: EV Max 0 W <= EVSE Max 11000 W 

DEBUG    2026-08-26 14:47:32,868 - iso15118.secc.states.iso15118_2_states (1691): ChargeProgress set to Start
DEBUG    2026-08-26 14:47:32,868 - iso15118.secc.states.iso15118_2_states (1808): State is C2
INFO    2026-08-26 14:47:32,868 - iso15118.shared.exi_codec (248): Message to encode (ns=urn:iso:15118:2:2013:MsgDef): {"V2G_Message": {"Header": {"SessionID": "8F3F06AD2579BCA9"}, "Body": {"PowerDeliveryRes": {"ResponseCode": "OK", "AC_EVSEStatus": {"NotificationMaxDelay": 0, "EVSENotification": "None", "RCD": false}}}}}
INFO    2026-08-26 14:47:32,885 - iso15118.shared.comm_session (431): Sent PowerDeliveryRes
INFO    2026-08-26 14:47:32,885 - iso15118.secc.controller.simulator (766): iso15118 state: PowerDelivery
INFO    2026-08-26 14:47:32,885 - iso15118.shared.states (139): Entered state ChargingStatus
DEBUG    2026-08-26 14:47:32,885 - iso15118.shared.states (143): Waiting for up to 60.0 s
INFO    2026-08-26 14:47:32,958 - iso15118.shared.exi_codec (302): Decoded message (ns=urn:iso:15118:2:2013:MsgDef): {"V2G_Message":{"Header":{"SessionID":"8F3F06AD2579BCA9"},"Body":{"ChargingStatusReq":{}}}}
INFO    2026-08-26 14:47:32,958 - iso15118.shared.comm_session (235): ChargingStatusReq received
INFO    2026-08-26 14:47:32,958 - iso15118.shared.exi_codec (248): Message to encode (ns=urn:iso:15118:2:2013:MsgDef): {"V2G_Message": {"Header": {"SessionID": "8F3F06AD2579BCA9"}, "Body": {"ChargingStatusRes": {"ResponseCode": "OK", "EVSEID": "UK123E1234", "SAScheduleTupleID": 1, "EVSEMaxCurrent": {"Value": 300, "Multiplier": 0, "Unit": "A"}, "ReceiptRequired": false, "AC_EVSEStatus": {"NotificationMaxDelay": 0, "EVSENotification": "None", "RCD": false}}}}}
INFO    2026-08-26 14:47:32,975 - iso15118.shared.comm_session (431): Sent ChargingStatusRes
INFO    2026-08-26 14:47:32,976 - iso15118.secc.controller.simulator (766): iso15118 state: ChargingStatus
INFO    2026-08-26 14:47:33,026 - iso15118.shared.exi_codec (302): Decoded message (ns=urn:iso:15118:2:2013:MsgDef): {"V2G_Message":{"Header":{"SessionID":"8F3F06AD2579BCA9"},"Body":{"ChargingStatusReq":{}}}}
INFO    2026-08-26 14:47:33,026 - iso15118.shared.comm_session (235): ChargingStatusReq received
INFO    2026-08-26 14:47:33,027 - iso15118.shared.exi_codec (248): Message to encode (ns=urn:iso:15118:2:2013:MsgDef): {"V2G_Message": {"Header": {"SessionID": "8F3F06AD2579BCA9"}, "Body": {"ChargingStatusRes": {"ResponseCode": "OK", "EVSEID": "UK123E1234", "SAScheduleTupleID": 1, "EVSEMaxCurrent": {"Value": 300, "Multiplier": 0, "Unit": "A"}, "ReceiptRequired": false, "AC_EVSEStatus": {"NotificationMaxDelay": 0, "EVSENotification": "None", "RCD": false}}}}}
INFO    2026-08-26 14:47:33,056 - iso15118.shared.comm_session (431): Sent ChargingStatusRes
INFO    2026-08-26 14:47:33,056 - iso15118.secc.controller.simulator (766): iso15118 state: ChargingStatus
INFO    2026-08-26 14:47:33,126 - iso15118.shared.exi_codec (302): Decoded message (ns=urn:iso:15118:2:2013:MsgDef): {"V2G_Message":{"Header":{"SessionID":"8F3F06AD2579BCA9"},"Body":{"ChargingStatusReq":{}}}}
INFO    2026-08-26 14:47:33,126 - iso15118.shared.comm_session (235): ChargingStatusReq received
INFO    2026-08-26 14:47:33,127 - iso15118.shared.exi_codec (248): Message to encode (ns=urn:iso:15118:2:2013:MsgDef): {"V2G_Message": {"Header": {"SessionID": "8F3F06AD2579BCA9"}, "Body": {"ChargingStatusRes": {"ResponseCode": "OK", "EVSEID": "UK123E1234", "SAScheduleTupleID": 1, "EVSEMaxCurrent": {"Value": 300, "Multiplier": 0, "Unit": "A"}, "ReceiptRequired": false, "AC_EVSEStatus": {"NotificationMaxDelay": 0, "EVSENotification": "None", "RCD": false}}}}}
INFO    2026-08-26 14:47:33,144 - iso15118.shared.comm_session (431): Sent ChargingStatusRes
INFO    2026-08-26 14:47:33,144 - iso15118.secc.controller.simulator (766): iso15118 state: ChargingStatus
INFO    2026-08-26 14:47:33,206 - iso15118.shared.exi_codec (302): Decoded message (ns=urn:iso:15118:2:2013:MsgDef): {"V2G_Message":{"Header":{"SessionID":"8F3F06AD2579BCA9"},"Body":{"ChargingStatusReq":{}}}}
INFO    2026-08-26 14:47:33,206 - iso15118.shared.comm_session (235): ChargingStatusReq received
INFO    2026-08-26 14:47:33,206 - iso15118.shared.exi_codec (248): Message to encode (ns=urn:iso:15118:2:2013:MsgDef): {"V2G_Message": {"Header": {"SessionID": "8F3F06AD2579BCA9"}, "Body": {"ChargingStatusRes": {"ResponseCode": "OK", "EVSEID": "UK123E1234", "SAScheduleTupleID": 1, "EVSEMaxCurrent": {"Value": 300, "Multiplier": 0, "Unit": "A"}, "ReceiptRequired": false, "AC_EVSEStatus": {"NotificationMaxDelay": 0, "EVSENotification": "None", "RCD": false}}}}}
INFO    2026-08-26 14:47:33,224 - iso15118.shared.comm_session (431): Sent ChargingStatusRes
INFO    2026-08-26 14:47:33,224 - iso15118.secc.controller.simulator (766): iso15118 state: ChargingStatus
INFO    2026-08-26 14:47:33,286 - iso15118.shared.exi_codec (302): Decoded message (ns=urn:iso:15118:2:2013:MsgDef): {"V2G_Message":{"Header":{"SessionID":"8F3F06AD2579BCA9"},"Body":{"ChargingStatusReq":{}}}}
INFO    2026-08-26 14:47:33,286 - iso15118.shared.comm_session (235): ChargingStatusReq received
INFO    2026-08-26 14:47:33,287 - iso15118.shared.exi_codec (248): Message to encode (ns=urn:iso:15118:2:2013:MsgDef): {"V2G_Message": {"Header": {"SessionID": "8F3F06AD2579BCA9"}, "Body": {"ChargingStatusRes": {"ResponseCode": "OK", "EVSEID": "UK123E1234", "SAScheduleTupleID": 1, "EVSEMaxCurrent": {"Value": 300, "Multiplier": 0, "Unit": "A"}, "ReceiptRequired": false, "AC_EVSEStatus": {"NotificationMaxDelay": 0, "EVSENotification": "None", "RCD": false}}}}}
INFO    2026-08-26 14:47:33,303 - iso15118.shared.comm_session (431): Sent ChargingStatusRes
INFO    2026-08-26 14:47:33,304 - iso15118.secc.controller.simulator (766): iso15118 state: ChargingStatus
INFO    2026-08-26 14:47:33,361 - iso15118.shared.exi_codec (302): Decoded message (ns=urn:iso:15118:2:2013:MsgDef): {"V2G_Message":{"Header":{"SessionID":"8F3F06AD2579BCA9"},"Body":{"ChargingStatusReq":{}}}}
INFO    2026-08-26 14:47:33,361 - iso15118.shared.comm_session (235): ChargingStatusReq received
INFO    2026-08-26 14:47:33,362 - iso15118.shared.exi_codec (248): Message to encode (ns=urn:iso:15118:2:2013:MsgDef): {"V2G_Message": {"Header": {"SessionID": "8F3F06AD2579BCA9"}, "Body": {"ChargingStatusRes": {"ResponseCode": "OK", "EVSEID": "UK123E1234", "SAScheduleTupleID": 1, "EVSEMaxCurrent": {"Value": 300, "Multiplier": 0, "Unit": "A"}, "ReceiptRequired": false, "AC_EVSEStatus": {"NotificationMaxDelay": 0, "EVSENotification": "None", "RCD": false}}}}}
INFO    2026-08-26 14:47:33,384 - iso15118.shared.comm_session (431): Sent ChargingStatusRes
INFO    2026-08-26 14:47:33,384 - iso15118.secc.controller.simulator (766): iso15118 state: ChargingStatus
INFO    2026-08-26 14:47:33,441 - iso15118.shared.exi_codec (302): Decoded message (ns=urn:iso:15118:2:2013:MsgDef): {"V2G_Message":{"Header":{"SessionID":"8F3F06AD2579BCA9"},"Body":{"ChargingStatusReq":{}}}}
INFO    2026-08-26 14:47:33,442 - iso15118.shared.comm_session (235): ChargingStatusReq received
INFO    2026-08-26 14:47:33,442 - iso15118.shared.exi_codec (248): Message to encode (ns=urn:iso:15118:2:2013:MsgDef): {"V2G_Message": {"Header": {"SessionID": "8F3F06AD2579BCA9"}, "Body": {"ChargingStatusRes": {"ResponseCode": "OK", "EVSEID": "UK123E1234", "SAScheduleTupleID": 1, "EVSEMaxCurrent": {"Value": 300, "Multiplier": 0, "Unit": "A"}, "ReceiptRequired": false, "AC_EVSEStatus": {"NotificationMaxDelay": 0, "EVSENotification": "None", "RCD": false}}}}}
INFO    2026-08-26 14:47:33,459 - iso15118.shared.comm_session (431): Sent ChargingStatusRes
INFO    2026-08-26 14:47:33,459 - iso15118.secc.controller.simulator (766): iso15118 state: ChargingStatus
INFO    2026-08-26 14:47:33,510 - iso15118.shared.exi_codec (302): Decoded message (ns=urn:iso:15118:2:2013:MsgDef): {"V2G_Message":{"Header":{"SessionID":"8F3F06AD2579BCA9"},"Body":{"ChargingStatusReq":{}}}}
INFO    2026-08-26 14:47:33,511 - iso15118.shared.comm_session (235): ChargingStatusReq received
INFO    2026-08-26 14:47:33,511 - iso15118.shared.exi_codec (248): Message to encode (ns=urn:iso:15118:2:2013:MsgDef): {"V2G_Message": {"Header": {"SessionID": "8F3F06AD2579BCA9"}, "Body": {"ChargingStatusRes": {"ResponseCode": "OK", "EVSEID": "UK123E1234", "SAScheduleTupleID": 1, "EVSEMaxCurrent": {"Value": 300, "Multiplier": 0, "Unit": "A"}, "ReceiptRequired": false, "AC_EVSEStatus": {"NotificationMaxDelay": 0, "EVSENotification": "None", "RCD": false}}}}}
INFO    2026-08-26 14:47:33,523 - iso15118.shared.comm_session (431): Sent ChargingStatusRes
INFO    2026-08-26 14:47:33,524 - iso15118.secc.controller.simulator (766): iso15118 state: ChargingStatus
INFO    2026-08-26 14:47:33,587 - iso15118.shared.exi_codec (302): Decoded message (ns=urn:iso:15118:2:2013:MsgDef): {"V2G_Message":{"Header":{"SessionID":"8F3F06AD2579BCA9"},"Body":{"ChargingStatusReq":{}}}}
INFO    2026-08-26 14:47:33,587 - iso15118.shared.comm_session (235): ChargingStatusReq received
INFO    2026-08-26 14:47:33,588 - iso15118.shared.exi_codec (248): Message to encode (ns=urn:iso:15118:2:2013:MsgDef): {"V2G_Message": {"Header": {"SessionID": "8F3F06AD2579BCA9"}, "Body": {"ChargingStatusRes": {"ResponseCode": "OK", "EVSEID": "UK123E1234", "SAScheduleTupleID": 1, "EVSEMaxCurrent": {"Value": 300, "Multiplier": 0, "Unit": "A"}, "ReceiptRequired": false, "AC_EVSEStatus": {"NotificationMaxDelay": 0, "EVSENotification": "None", "RCD": false}}}}}
INFO    2026-08-26 14:47:33,600 - iso15118.shared.comm_session (431): Sent ChargingStatusRes
INFO    2026-08-26 14:47:33,600 - iso15118.secc.controller.simulator (766): iso15118 state: ChargingStatus
INFO    2026-08-26 14:47:33,645 - iso15118.shared.exi_codec (302): Decoded message (ns=urn:iso:15118:2:2013:MsgDef): {"V2G_Message":{"Header":{"SessionID":"8F3F06AD2579BCA9"},"Body":{"ChargingStatusReq":{}}}}
INFO    2026-08-26 14:47:33,646 - iso15118.shared.comm_session (235): ChargingStatusReq received
INFO    2026-08-26 14:47:33,646 - iso15118.shared.exi_codec (248): Message to encode (ns=urn:iso:15118:2:2013:MsgDef): {"V2G_Message": {"Header": {"SessionID": "8F3F06AD2579BCA9"}, "Body": {"ChargingStatusRes": {"ResponseCode": "OK", "EVSEID": "UK123E1234", "SAScheduleTupleID": 1, "EVSEMaxCurrent": {"Value": 300, "Multiplier": 0, "Unit": "A"}, "ReceiptRequired": false, "AC_EVSEStatus": {"NotificationMaxDelay": 0, "EVSENotification": "None", "RCD": false}}}}}
INFO    2026-08-26 14:47:33,664 - iso15118.shared.comm_session (431): Sent ChargingStatusRes
INFO    2026-08-26 14:47:33,665 - iso15118.secc.controller.simulator (766): iso15118 state: ChargingStatus
INFO    2026-08-26 14:47:33,734 - iso15118.shared.exi_codec (302): Decoded message (ns=urn:iso:15118:2:2013:MsgDef): {"V2G_Message":{"Header":{"SessionID":"8F3F06AD2579BCA9"},"Body":{"PowerDeliveryReq":{"ChargeProgress":"Stop","SAScheduleTupleID":1}}}}
INFO    2026-08-26 14:47:33,735 - iso15118.shared.comm_session (235): PowerDeliveryReq received
INFO    2026-08-26 14:47:33,735 - iso15118.shared.states (139): Entered state PowerDelivery
DEBUG    2026-08-26 14:47:33,735 - iso15118.shared.states (143): Waiting for up to 60.0 s
DEBUG    2026-08-26 14:47:33,735 - iso15118.secc.states.iso15118_2_states (1691): ChargeProgress set to Stop
INFO    2026-08-26 14:47:33,735 - iso15118.shared.exi_codec (248): Message to encode (ns=urn:iso:15118:2:2013:MsgDef): {"V2G_Message": {"Header": {"SessionID": "8F3F06AD2579BCA9"}, "Body": {"PowerDeliveryRes": {"ResponseCode": "OK", "AC_EVSEStatus": {"NotificationMaxDelay": 0, "EVSENotification": "None", "RCD": false}}}}}
INFO    2026-08-26 14:47:33,759 - iso15118.shared.comm_session (431): Sent PowerDeliveryRes
INFO    2026-08-26 14:47:33,759 - iso15118.secc.controller.simulator (766): iso15118 state: PowerDelivery
INFO    2026-08-26 14:47:33,759 - iso15118.shared.states (139): Entered state SessionStop
DEBUG    2026-08-26 14:47:33,759 - iso15118.shared.states (143): Waiting for up to 60.0 s
INFO    2026-08-26 14:47:33,819 - iso15118.shared.exi_codec (302): Decoded message (ns=urn:iso:15118:2:2013:MsgDef): {"V2G_Message":{"Header":{"SessionID":"8F3F06AD2579BCA9"},"Body":{"SessionStopReq":{"ChargingSession":"Terminate"}}}}
INFO    2026-08-26 14:47:33,820 - iso15118.shared.comm_session (235): SessionStopReq received
INFO    2026-08-26 14:47:33,820 - iso15118.shared.exi_codec (248): Message to encode (ns=urn:iso:15118:2:2013:MsgDef): {"V2G_Message": {"Header": {"SessionID": "8F3F06AD2579BCA9"}, "Body": {"SessionStopRes": {"ResponseCode": "OK"}}}}
INFO    2026-08-26 14:47:33,834 - iso15118.shared.comm_session (431): Sent SessionStopRes
INFO    2026-08-26 14:47:33,834 - iso15118.secc.controller.simulator (766): iso15118 state: SessionStop
INFO    2026-08-26 14:47:33,834 - iso15118.shared.comm_session (395): The data link will terminate in 2 seconds and the TCP connection will close in 5 seconds. 
INFO    2026-08-26 14:47:33,834 - iso15118.shared.comm_session (399): Reason: EV requested to terminate the communication session
INFO    2026-08-26 14:47:35,837 - iso15118.secc.controller.simulator (1097): Session ended in SessionStop (EV requested to terminate the communication session).
INFO    2026-08-26 14:47:35,837 - iso15118.shared.comm_session (410): terminated the data link
INFO    2026-08-26 14:47:38,842 - iso15118.shared.comm_session (417): TCP connection closed to peer with address ('fe80::6c2c:8ff:fe26:9918', 56052, 0, 2)
WARNING    2026-08-26 14:47:38,842 - iso15118.secc.transport.tcp_server (149): Closing TCP server
INFO    2026-08-26 14:47:38,843 - iso15118.secc.transport.udp_server (209): UDP server has been resumed.
